2023/03/28 17:10:02 runAndWait finished...
2023/03/28 17:10:02 result 10
2023/03/28 17:10:03 runAndWait finished...
2023/03/28 17:10:03 result 10
2023/03/28 17:10:04 runAndWait finished...
2023/03/28 17:10:04 result 10
2023/03/28 17:10:06 runAndWait finished...
2023/03/28 17:10:06 result 10
2023/03/28 17:10:07 runAndWait finished...
2023/03/28 17:10:07 result 10
